// Jest Snapshot v1, https://goo.gl/fbAQLP

exports[`Home suite should match snapshot 1`] = `
<div
  className="Home"
>
  home
</div>
`;
