// Jest Snapshot v1, https://goo.gl/fbAQLP

exports[`Topics suite should match snapshot 1`] = `
<div
  className="Topics"
>
  topics
</div>
`;
