// Jest Snapshot v1, https://goo.gl/fbAQLP

exports[`AppHeader suite should match snapshot 1`] = `
<div
  className="About"
>
  About
</div>
`;
