// Jest Snapshot v1, https://goo.gl/fbAQLP

exports[`App suite should match snapshot 1`] = `
<div
  className="App"
>
  <AppRouter>
    <AppHeader />
  </AppRouter>
</div>
`;
